// Vitest Snapshot v1, https://vitest.dev/guide/snapshot.html

exports[`Homeworld > matches the snapshot 1`] = `
<DocumentFragment>
  Tatooine
</DocumentFragment>
`;
