// Vitest Snapshot v1, https://vitest.dev/guide/snapshot.html

exports[`CharacterDetailsTable > matches the snapshot 1`] = `
<DocumentFragment>
  <div
    class="MuiPaper-root MuiPaper-elevation MuiPaper-rounded MuiPaper-elevation1 MuiTableContainer-root css-y2ff7i-MuiPaper-root-MuiTableContainer-root"
    style="--Paper-shadow: 0px 2px 1px -1px rgba(0,0,0,0.2),0px 1px 1px 0px rgba(0,0,0,0.14),0px 1px 3px 0px rgba(0,0,0,0.12); max-width: 400px;"
  >
    <table
      aria-label="Character traits table"
      class="MuiTable-root css-1xwxv7r-MuiTable-root"
    >
      <thead
        class="MuiTableHead-root css-1a7iywq-MuiTableHead-root"
      >
        <tr
          class="MuiTableRow-root MuiTableRow-head css-17e8nb1-MuiTableRow-root"
        >
          <th
            class="MuiTableCell-root MuiTableCell-head MuiTableCell-sizeMedium css-hktbzt-MuiTableCell-root"
            scope="col"
          >
            Character trait
          </th>
          <th
            class="MuiTableCell-root MuiTableCell-head MuiTableCell-sizeMedium css-hktbzt-MuiTableCell-root"
            scope="col"
          >
            Value
          </th>
        </tr>
      </thead>
      <tbody
        class="MuiTableBody-root css-gmh7jj-MuiTableBody-root"
      >
        <tr
          class="MuiTableRow-root css-17e8nb1-MuiTableRow-root"
        >
          <td
            class="MuiTableCell-root MuiTableCell-body MuiTableCell-sizeMedium css-1l8b5g1-MuiTableCell-root"
          >
            Hair colour
          </td>
          <td
            class="MuiTableCell-root MuiTableCell-body MuiTableCell-sizeMedium css-1l8b5g1-MuiTableCell-root"
          >
            blond
          </td>
        </tr>
        <tr
          class="MuiTableRow-root css-17e8nb1-MuiTableRow-root"
        >
          <td
            class="MuiTableCell-root MuiTableCell-body MuiTableCell-sizeMedium css-1l8b5g1-MuiTableCell-root"
          >
            Eye colour
          </td>
          <td
            class="MuiTableCell-root MuiTableCell-body MuiTableCell-sizeMedium css-1l8b5g1-MuiTableCell-root"
          >
            blue
          </td>
        </tr>
        <tr
          class="MuiTableRow-root css-17e8nb1-MuiTableRow-root"
        >
          <td
            class="MuiTableCell-root MuiTableCell-body MuiTableCell-sizeMedium css-1l8b5g1-MuiTableCell-root"
          >
            Gender
          </td>
          <td
            class="MuiTableCell-root MuiTableCell-body MuiTableCell-sizeMedium css-1l8b5g1-MuiTableCell-root"
          >
            male
          </td>
        </tr>
        <tr
          class="MuiTableRow-root css-17e8nb1-MuiTableRow-root"
        >
          <td
            class="MuiTableCell-root MuiTableCell-body MuiTableCell-sizeMedium css-1l8b5g1-MuiTableCell-root"
          >
            Homeworld
          </td>
          <td
            class="MuiTableCell-root MuiTableCell-body MuiTableCell-sizeMedium css-1l8b5g1-MuiTableCell-root"
          >
            <div
              data-testid="mock-homeworld"
            >
              Tatooine
            </div>
          </td>
        </tr>
      </tbody>
    </table>
  </div>
</DocumentFragment>
`;
